\BOOKMARK [0][-]{chapter.1}{\376\377\000I\000n\000t\000r\000o\000d\000u\000c\000c\000i\000\363\000n}{}% 1
\BOOKMARK [0][-]{chapter.2}{\376\377\000E\000s\000t\000a\000d\000o\000\040\000d\000e\000l\000\040\000a\000r\000t\000e}{}% 2
\BOOKMARK [0][-]{chapter.3}{\376\377\000M\000a\000t\000e\000r\000i\000a\000l\000e\000s}{}% 3
\BOOKMARK [1][-]{section.3.1}{\376\377\000E\000q\000u\000i\000p\000o\000s\000\040\000d\000e\000\040\000c\000\363\000m\000p\000u\000t\000o\000\040\000y\000\040\000e\000n\000t\000o\000r\000n\000o\000\040\000d\000e\000\040\000d\000e\000s\000a\000r\000r\000o\000l\000l\000o}{chapter.3}% 4
\BOOKMARK [1][-]{section.3.2}{\376\377\000M\000a\000r\000c\000o\000\040\000t\000e\000\363\000r\000i\000c\000o\000\040\000m\000a\000t\000e\000m\000\341\000t\000i\000c\000o}{chapter.3}% 5
\BOOKMARK [2][-]{subsection.3.2.1}{\376\377\000C\000o\000o\000r\000d\000e\000n\000a\000d\000a\000s\000\040\000t\000r\000i\000d\000i\000m\000e\000n\000s\000i\000o\000n\000a\000l\000e\000s}{section.3.2}% 6
\BOOKMARK [2][-]{subsection.3.2.2}{\376\377\000C\000u\000r\000v\000a\000s\000\040\000d\000e\000\040\000l\000l\000e\000n\000a\000d\000o\000\040\000d\000e\000\040\000e\000s\000p\000a\000c\000i\000o}{section.3.2}% 7
\BOOKMARK [1][-]{section.3.3}{\376\377\000A\000l\000g\000o\000r\000i\000t\000m\000o\000s\000\040\000y\000\040\000e\000s\000t\000r\000u\000c\000t\000u\000r\000a\000s\000\040\000d\000e\000\040\000d\000a\000t\000o\000s\000\040\000d\000e\000\040\000p\000a\000r\000t\000i\000d\000a}{chapter.3}% 8
\BOOKMARK [2][-]{subsection.3.3.1}{\376\377\000O\000c\000t\000r\000e\000e\000\040\000l\000i\000n\000e\000a\000l}{section.3.3}% 9
\BOOKMARK [2][-]{subsection.3.3.2}{\376\377\000A\000l\000g\000o\000r\000i\000t\000m\000o\000s\000\040\000d\000e\000\040\000b\000\372\000s\000q\000u\000e\000d\000a}{section.3.3}% 10
\BOOKMARK [1][-]{section.3.4}{\376\377\000C\000o\000n\000j\000u\000n\000t\000o\000s\000\040\000d\000e\000\040\000d\000a\000t\000o\000s\000\040\000e\000m\000p\000l\000e\000a\000d\000o\000s}{chapter.3}% 11
\BOOKMARK [0][-]{chapter.4}{\376\377\000M\000e\000t\000o\000d\000o\000l\000o\000g\000\355\000a}{}% 12
\BOOKMARK [1][-]{section.4.1}{\376\377\000F\000u\000n\000d\000a\000m\000e\000n\000t\000o\000s\000\040\000g\000e\000o\000m\000\351\000t\000r\000i\000c\000o\000s\000\040\000d\000e\000\040\000l\000a\000\040\000p\000o\000d\000a\000\040\000e\000n\000\040\000n\000o\000d\000o\000s\000\040\000h\000o\000j\000a}{chapter.4}% 13
\BOOKMARK [1][-]{section.4.2}{\376\377\000P\000r\000i\000m\000e\000r\000a\000\040\000F\000a\000s\000e\000\040\000d\000e\000\040\000I\000m\000p\000l\000e\000m\000e\000n\000t\000a\000c\000i\000\363\000n\000:\000\040\000S\000e\000l\000e\000c\000t\000o\000r\000e\000s\000\040\000d\000e\000\040\000r\000a\000n\000g\000o\000\040\000p\000o\000l\000a\000r\000e\000s\000\040\000y\000\040\000v\000e\000c\000t\000o\000r\000e\000s\000\040\000d\000e\000\040\000p\000e\000r\000m\000u\000t\000a\000c\000i\000o\000n\000e\000s}{chapter.4}% 14
\BOOKMARK [1][-]{section.4.3}{\376\377\000A\000n\000\341\000l\000i\000s\000i\000s\000\040\000d\000e\000\040\000C\000u\000e\000l\000l\000o\000s\000\040\000d\000e\000\040\000B\000o\000t\000e\000l\000l\000a\000\040\000y\000\040\000R\000e\000d\000i\000s\000e\000\361\000o\000\040\000d\000e\000l\000\040\000S\000i\000s\000t\000e\000m\000a}{chapter.4}% 15
\BOOKMARK [1][-]{section.4.4}{\376\377\000S\000e\000g\000u\000n\000d\000a\000\040\000F\000a\000s\000e\000\040\000d\000e\000\040\000I\000m\000p\000l\000e\000m\000e\000n\000t\000a\000c\000i\000\363\000n\000:\000\040\000R\000e\000f\000a\000c\000t\000o\000r\000i\000z\000a\000c\000i\000\363\000n\000\040\000y\000\040\000S\000i\000m\000p\000l\000i\000f\000i\000c\000a\000c\000i\000\363\000n\000\040\000d\000e\000\040\000M\000o\000d\000e\000l\000o\000s}{chapter.4}% 16
\BOOKMARK [1][-]{section.4.5}{\376\377\000C\000o\000n\000s\000t\000r\000u\000c\000c\000i\000\363\000n\000\040\000d\000e\000\040\000r\000\351\000p\000l\000i\000c\000a\000s\000\040\000c\000o\000n\000t\000i\000g\000u\000a\000s\000\040\000e\000\040\000i\000n\000t\000e\000g\000r\000a\000c\000i\000\363\000n\000\040\000e\000n\000\040\000e\000l\000\040\000f\000l\000u\000j\000o\000\040\000d\000e\000\040\000b\000\372\000s\000q\000u\000e\000d\000a\000\040\000d\000e\000l\000\040\000O\000c\000t\000r\000e\000e}{chapter.4}% 17
\BOOKMARK [0][-]{chapter.5}{\376\377\000P\000r\000u\000e\000b\000a\000s}{}% 18
\BOOKMARK [1][-]{section.5.1}{\376\377\000P\000l\000a\000n\000\040\000d\000e\000\040\000V\000e\000r\000i\000f\000i\000c\000a\000c\000i\000\363\000n\000\040\000y\000\040\000C\000o\000r\000r\000e\000c\000c\000i\000\363\000n\000\040\000G\000l\000o\000b\000a\000l}{chapter.5}% 19
\BOOKMARK [1][-]{section.5.2}{\376\377\000R\000e\000n\000d\000i\000m\000i\000e\000n\000t\000o\000\040\000d\000e\000\040\000b\000\372\000s\000q\000u\000e\000d\000a\000s\000\040\000d\000e\000\040\000v\000e\000c\000i\000n\000o\000s\000\040\000p\000a\000r\000a\000l\000e\000l\000a\000s\000\040\000c\000o\000n\000\040\000c\000e\000n\000t\000r\000o\000s\000\040\000a\000l\000e\000a\000t\000o\000r\000i\000o\000s}{chapter.5}% 20
\BOOKMARK [1][-]{section.5.3}{\376\377\000R\000e\000n\000d\000i\000m\000i\000e\000n\000t\000o\000\040\000d\000e\000\040\000b\000\372\000s\000q\000u\000e\000d\000a\000s\000\040\000d\000e\000\040\000v\000e\000c\000i\000n\000o\000s\000\040\000p\000a\000r\000a\000l\000e\000l\000a\000s\000\040\000s\000o\000b\000r\000e\000\040\000t\000o\000d\000a\000\040\000l\000a\000\040\000n\000u\000b\000e}{chapter.5}% 21
\BOOKMARK [1][-]{section.5.4}{\376\377\000E\000f\000i\000c\000i\000e\000n\000c\000i\000a\000\040\000d\000e\000l\000\040\000p\000a\000r\000a\000l\000e\000l\000i\000s\000m\000o\000\040\000s\000o\000b\000r\000e\000\040\000b\000\372\000s\000q\000u\000e\000d\000a\000s\000\040\000d\000e\000\040\000v\000e\000c\000i\000n\000o\000s}{chapter.5}% 22
\BOOKMARK [0][-]{chapter.6}{\376\377\000D\000i\000s\000c\000u\000s\000i\000\363\000n\000\040\000d\000e\000\040\000l\000o\000s\000\040\000R\000e\000s\000u\000l\000t\000a\000d\000o\000s}{}% 23
\BOOKMARK [1][-]{section.6.1}{\376\377\000A\000n\000\341\000l\000i\000s\000i\000s\000\040\000d\000e\000\040\000E\000s\000t\000r\000u\000c\000t\000u\000r\000a\000s\000\040\000d\000e\000\040\000A\000l\000m\000a\000c\000e\000n\000a\000m\000i\000e\000n\000t\000o\000:\000\040\000a\000l\000g\000o\000r\000i\000t\000m\000o\000\040\000n\000e\000i\000g\000h\000b\000o\000r\000s\000S\000t\000r\000u\000c\000t\000\040\000f\000r\000e\000n\000t\000e\000\040\000a\000\040\000n\000e\000i\000g\000h\000b\000o\000r\000s\000P\000r\000u\000n\000e}{chapter.6}% 24
\BOOKMARK [1][-]{section.6.2}{\376\377\000S\000e\000n\000s\000i\000b\000i\000l\000i\000d\000a\000d\000\040\000a\000l\000\040\000T\000a\000m\000a\000\361\000o\000\040\000d\000e\000\040\000H\000o\000j\000a\000\040\000y\000\040\000D\000i\000n\000\341\000m\000i\000c\000a\000s\000\040\000d\000e\000l\000\040\000K\000e\000r\000n\000e\000l}{chapter.6}% 25
\BOOKMARK [1][-]{section.6.3}{\376\377\000E\000v\000a\000l\000u\000a\000c\000i\000\363\000n\000\040\000d\000e\000\040\000l\000o\000s\000\040\000M\000o\000d\000o\000s\000\040\000d\000e\000\040\000R\000e\000o\000r\000d\000e\000n\000a\000m\000i\000e\000n\000t\000o\000\040\000L\000o\000c\000a\000l}{chapter.6}% 26
\BOOKMARK [1][-]{section.6.4}{\376\377\000C\000a\000l\000i\000b\000r\000a\000c\000i\000\363\000n\000\040\000d\000e\000l\000\040\000E\000s\000p\000a\000c\000i\000o\000\040\000d\000e\000\040\000H\000i\000p\000e\000r\000p\000a\000r\000\341\000m\000e\000t\000r\000o\000s}{chapter.6}% 27
\BOOKMARK [1][-]{section.6.5}{\376\377\000D\000i\000n\000\341\000m\000i\000c\000a\000s\000\040\000e\000n\000\040\000B\000\372\000s\000q\000u\000e\000d\000a\000s\000\040\000d\000e\000\040\000C\000o\000b\000e\000r\000t\000u\000r\000a\000\040\000C\000o\000m\000p\000l\000e\000t\000a}{chapter.6}% 28
\BOOKMARK [0][-]{chapter.7}{\376\377\000C\000o\000n\000c\000l\000u\000s\000i\000o\000n\000e\000s\000\040\000y\000\040\000p\000o\000s\000i\000b\000l\000e\000s\000\040\000a\000m\000p\000l\000i\000a\000c\000i\000o\000n\000e\000s}{}% 29
\BOOKMARK [1][-]{section.7.1}{\376\377\000P\000r\000i\000n\000c\000i\000p\000a\000l\000e\000s\000\040\000a\000p\000o\000r\000t\000a\000c\000i\000o\000n\000e\000s\000\040\000y\000\040\000l\000i\000m\000i\000t\000a\000c\000i\000o\000n\000e\000s}{chapter.7}% 30
\BOOKMARK [1][-]{section.7.2}{\376\377\000V\000\355\000a\000s\000\040\000d\000e\000\040\000M\000e\000j\000o\000r\000a\000\040\000y\000\040\000T\000r\000a\000b\000a\000j\000o\000\040\000F\000u\000t\000u\000r\000o}{chapter.7}% 31
\BOOKMARK [0][-]{appendix.Alph1}{\376\377\000M\000a\000n\000u\000a\000i\000s\000\040\000t\000\351\000c\000n\000i\000c\000o\000s}{}% 32
\BOOKMARK [0][-]{appendix.Alph2}{\376\377\000M\000a\000n\000u\000a\000l\000\040\000d\000e\000\040\000u\000s\000u\000a\000r\000i\000o}{}% 33
\BOOKMARK [1][-]{section.Alph2.1}{\376\377\000I\000n\000s\000t\000a\000l\000a\000c\000i\000\363\000n}{appendix.Alph2}% 34
\BOOKMARK [2][-]{subsection.Alph2.1.1}{\376\377\000D\000e\000p\000e\000n\000d\000e\000n\000c\000i\000a\000s}{section.Alph2.1}% 35
\BOOKMARK [2][-]{subsection.Alph2.1.2}{\376\377\000C\000o\000m\000p\000i\000l\000a\000c\000i\000\363\000n}{section.Alph2.1}% 36
\BOOKMARK [2][-]{subsection.Alph2.1.3}{\376\377\000V\000e\000r\000i\000f\000i\000c\000a\000c\000i\000\363\000n\000\040\000d\000e\000\040\000l\000a\000\040\000i\000n\000s\000t\000a\000l\000a\000c\000i\000\363\000n\000:\000\040\000T\000e\000s\000t\000s}{section.Alph2.1}% 37
\BOOKMARK [1][-]{section.Alph2.2}{\376\377\000E\000j\000e\000c\000u\000c\000i\000\363\000n}{appendix.Alph2}% 38
\BOOKMARK [2][-]{subsection.Alph2.2.1}{\376\377\000F\000o\000r\000m\000a\000t\000o\000\040\000d\000e\000\040\000e\000n\000t\000r\000a\000d\000a}{section.Alph2.2}% 39
\BOOKMARK [2][-]{subsection.Alph2.2.2}{\376\377\000F\000o\000r\000m\000a\000t\000o\000\040\000d\000e\000\040\000s\000a\000l\000i\000d\000a}{section.Alph2.2}% 40
\BOOKMARK [2][-]{subsection.Alph2.2.3}{\376\377\000E\000j\000e\000c\000u\000c\000i\000\363\000n\000\040\000d\000e\000\040\000l\000a\000\040\000v\000e\000r\000i\000f\000i\000c\000a\000c\000i\000\363\000n\000\040\000d\000e\000\040\000f\000u\000n\000c\000i\000o\000n\000a\000m\000i\000e\000n\000t\000o\000\040\000d\000e\000\040\000l\000a\000s\000\040\000p\000o\000d\000a\000s}{section.Alph2.2}% 41
\BOOKMARK [1][-]{section.Alph2.3}{\376\377\000P\000a\000r\000\341\000m\000e\000t\000r\000o\000s\000\040\000d\000e\000l\000\040\000p\000r\000o\000g\000r\000a\000m\000a}{appendix.Alph2}% 42
\BOOKMARK [1][-]{section.Alph2.4}{\376\377\000M\000e\000n\000s\000a\000j\000e\000s\000\040\000d\000e\000\040\000e\000r\000r\000o\000r\000\040\000y\000\040\000p\000r\000o\000b\000l\000e\000m\000a\000s\000\040\000c\000o\000m\000u\000n\000e\000s}{appendix.Alph2}% 43
