This is pdfTeX, Version 3.141592653-2.6-1.40.25 (TeX Live 2023/Debian) (preloaded format=pdflatex 2026.6.9)  21 JUN 2026 13:56
entering extended mode
 restricted \write18 enabled.
 file:line:error style messages enabled.
 %&-line parsing enabled.
**/home/manu/proyecto_tfg/octrees-coordenadas-polares-v2/GrEI_TFG_Modelo_A_Memoria/traballo.tex
(/home/manu/proyecto_tfg/octrees-coordenadas-polares-v2/GrEI_TFG_Modelo_A_Memoria/traballo.tex
LaTeX2e <2023-11-01> patch level 1
L3 programming layer <2024-01-22>
(/usr/share/texlive/texmf-dist/tex/latex/base/book.cls
Document Class: book 2023/05/17 v1.4n Standard LaTeX document class
(/usr/share/texlive/texmf-dist/tex/latex/base/bk11.clo
File: bk11.clo 2023/05/17 v1.4n Standard LaTeX file (size option)
)
\c@part=\count187
\c@chapter=\count188
\c@section=\count189
\c@subsection=\count190
\c@subsubsection=\count191
\c@paragraph=\count192
\c@subparagraph=\count193
\c@figure=\count194
\c@table=\count195
\abovecaptionskip=\skip48
\belowcaptionskip=\skip49
\bibindent=\dimen140
) (/usr/share/texlive/texmf-dist/tex/latex/base/inputenc.sty
Package: inputenc 2021/02/14 v1.3d Input encoding file
\inpenc@prehook=\toks17
\inpenc@posthook=\toks18
) (/usr/share/texlive/texmf-dist/tex/generic/babel/babel.sty
Package: babel 2024/01/07 v24.1 The Babel package
\babel@savecnt=\count196
\U@D=\dimen141
\l@unhyphenated=\language12
 (/usr/share/texlive/texmf-dist/tex/generic/babel/txtbabel.def)
\bbl@readstream=\read2
\bbl@dirlevel=\count197
 (/usr/share/texlive/texmf-dist/tex/generic/babel-spanish/spanish.ldf
Language: spanish.ldf 2021/05/27 v5.0q Spanish support from the babel system
\es@quottoks=\toks19
\es@quotdepth=\count198
Package babel Info: Making " an active character on input line 570.
Package babel Info: Making . an active character on input line 675.
Package babel Info: Making < an active character on input line 722.
Package babel Info: Making > an active character on input line 722.
)) (/usr/share/texlive/texmf-dist/tex/generic/babel/locale/es/babel-spanish.tex
Package babel Info: Importing font and identification data for spanish
(babel)             from babel-es.ini. Reported on input line 11.
) (/usr/share/texlive/texmf-dist/tex/latex/graphics/graphicx.sty
Package: graphicx 2021/09/16 v1.2d Enhanced LaTeX Graphics (DPC,SPQR)
 (/usr/share/texlive/texmf-dist/tex/latex/graphics/keyval.sty
Package: keyval 2022/05/29 v1.15 key=value parser (DPC)
\KV@toks@=\toks20
) (/usr/share/texlive/texmf-dist/tex/latex/graphics/graphics.sty
Package: graphics 2022/03/10 v1.4e Standard LaTeX Graphics (DPC,SPQR)
 (/usr/share/texlive/texmf-dist/tex/latex/graphics/trig.sty
Package: trig 2021/08/11 v1.11 sin cos tan (DPC)
) (/usr/share/texlive/texmf-dist/tex/latex/graphics-cfg/graphics.cfg
File: graphics.cfg 2016/06/04 v1.11 sample graphics configuration
)
Package graphics Info: Driver file: pdftex.def on input line 107.
 (/usr/share/texlive/texmf-dist/tex/latex/graphics-def/pdftex.def
File: pdftex.def 2022/09/22 v1.2b Graphics/color driver for pdftex
))
\Gin@req@height=\dimen142
\Gin@req@width=\dimen143
) (/usr/share/texlive/texmf-dist/tex/latex/graphics/epsfig.sty
Package: epsfig 2017/06/25 v1.7b (e)psfig emulation (SPQR)
\epsfxsize=\dimen144
\epsfysize=\dimen145
) (/usr/share/texlive/texmf-dist/tex/latex/amsfonts/amssymb.sty
Package: amssymb 2013/01/14 v3.01 AMS font symbols
 (/usr/share/texlive/texmf-dist/tex/latex/amsfonts/amsfonts.sty
Package: amsfonts 2013/01/14 v3.01 Basic AMSFonts support
\@emptytoks=\toks21
\symAMSa=\mathgroup4
\symAMSb=\mathgroup5
LaTeX Font Info:    Redeclaring math symbol \hbar on input line 98.
LaTeX Font Info:    Overwriting math alphabet `\mathfrak' in version `bold'
(Font)                  U/euf/m/n --> U/euf/b/n on input line 106.
)) (/usr/share/texlive/texmf-dist/tex/latex/eurosym/eurosym.sty
Package: eurosym 1998/08/06 v1.1 European currency symbol ``Euro''
\@eurobox=\box51
) (/usr/share/texlive/texmf-dist/tex/latex/float/float.sty
Package: float 2001/11/08 v1.3d Float enhancements (AL)
\c@float@type=\count199
\float@exts=\toks22
\float@box=\box52
\@float@everytoks=\toks23
\@floatcapt=\box53
) (/usr/share/texlive/texmf-dist/tex/latex/base/latexsym.sty
Package: latexsym 1998/08/17 v2.2e Standard LaTeX package (lasy symbols)
\symlasy=\mathgroup6
LaTeX Font Info:    Overwriting symbol font `lasy' in version `bold'
(Font)                  U/lasy/m/n --> U/lasy/b/n on input line 52.
) (./a4.sty
Package: a4 2004/04/15 v1.2g A4 based page layout
) (/usr/share/texlive/texmf-dist/tex/latex/listings/listings.sty
\lst@mode=\count266
\lst@gtempboxa=\box54
\lst@token=\toks24
\lst@length=\count267
\lst@currlwidth=\dimen146
\lst@column=\count268
\lst@pos=\count269
\lst@lostspace=\dimen147
\lst@width=\dimen148
\lst@newlines=\count270
\lst@lineno=\count271
\lst@maxwidth=\dimen149
 (/usr/share/texlive/texmf-dist/tex/latex/listings/lstmisc.sty
File: lstmisc.sty 2023/02/27 1.9 (Carsten Heinz)
\c@lstnumber=\count272
\lst@skipnumbers=\count273
\lst@framebox=\box55
) (/usr/share/texlive/texmf-dist/tex/latex/listings/listings.cfg
File: listings.cfg 2023/02/27 1.9 listings configuration
))
Package: listings 2023/02/27 1.9 (Carsten Heinz)
 (/usr/share/texlive/texmf-dist/tex/latex/tools/tabularx.sty
Package: tabularx 2023/07/08 v2.11c `tabularx' package (DPC)
 (/usr/share/texlive/texmf-dist/tex/latex/tools/array.sty
Package: array 2023/10/16 v2.5g Tabular extension package (FMi)
\col@sep=\dimen150
\ar@mcellbox=\box56
\extrarowheight=\dimen151
\NC@list=\toks25
\extratabsurround=\skip50
\backup@length=\skip51
\ar@cellbox=\box57
)
\TX@col@width=\dimen152
\TX@old@table=\dimen153
\TX@old@col=\dimen154
\TX@target=\dimen155
\TX@delta=\dimen156
\TX@cols=\count274
\TX@ftn=\toks26
) (/usr/share/texlive/texmf-dist/tex/latex/multirow/multirow.sty
Package: multirow 2021/03/15 v2.8 Span multiple rows of a table
\multirow@colwidth=\skip52
\multirow@cntb=\count275
\multirow@dima=\skip53
\bigstrutjot=\dimen157
) (/usr/share/texlive/texmf-dist/tex/latex/amsmath/amsmath.sty
Package: amsmath 2023/05/13 v2.17o AMS math features
\@mathmargin=\skip54

For additional information on amsmath, use the `?' option.
(/usr/share/texlive/texmf-dist/tex/latex/amsmath/amstext.sty
Package: amstext 2021/08/26 v2.01 AMS text
 (/usr/share/texlive/texmf-dist/tex/latex/amsmath/amsgen.sty
File: amsgen.sty 1999/11/30 v2.0 generic functions
\@emptytoks=\toks27
\ex@=\dimen158
)) (/usr/share/texlive/texmf-dist/tex/latex/amsmath/amsbsy.sty
Package: amsbsy 1999/11/29 v1.2d Bold Symbols
\pmbraise@=\dimen159
) (/usr/share/texlive/texmf-dist/tex/latex/amsmath/amsopn.sty
Package: amsopn 2022/04/08 v2.04 operator names
)
\inf@bad=\count276
LaTeX Info: Redefining \frac on input line 234.
\uproot@=\count277
\leftroot@=\count278
LaTeX Info: Redefining \overline on input line 399.
LaTeX Info: Redefining \colon on input line 410.
\classnum@=\count279
\DOTSCASE@=\count280
LaTeX Info: Redefining \ldots on input line 496.
LaTeX Info: Redefining \dots on input line 499.
LaTeX Info: Redefining \cdots on input line 620.
\Mathstrutbox@=\box58
\strutbox@=\box59
LaTeX Info: Redefining \big on input line 722.
LaTeX Info: Redefining \Big on input line 723.
LaTeX Info: Redefining \bigg on input line 724.
LaTeX Info: Redefining \Bigg on input line 725.
\big@size=\dimen160
LaTeX Font Info:    Redeclaring font encoding OML on input line 743.
LaTeX Font Info:    Redeclaring font encoding OMS on input line 744.
\macc@depth=\count281
LaTeX Info: Redefining \bmod on input line 905.
LaTeX Info: Redefining \pmod on input line 910.
LaTeX Info: Redefining \smash on input line 940.
LaTeX Info: Redefining \relbar on input line 970.
LaTeX Info: Redefining \Relbar on input line 971.
\c@MaxMatrixCols=\count282
\dotsspace@=\muskip16
\c@parentequation=\count283
\dspbrk@lvl=\count284
\tag@help=\toks28
\row@=\count285
\column@=\count286
\maxfields@=\count287
\andhelp@=\toks29
\eqnshift@=\dimen161
\alignsep@=\dimen162
\tagshift@=\dimen163
\tagwidth@=\dimen164
\totwidth@=\dimen165
\lineht@=\dimen166
\@envbody=\toks30
\multlinegap=\skip55
\multlinetaggap=\skip56
\mathdisplay@stack=\toks31
LaTeX Info: Redefining \[ on input line 2953.
LaTeX Info: Redefining \] on input line 2954.
) (/usr/share/texlive/texmf-dist/tex/latex/booktabs/booktabs.sty
Package: booktabs 2020/01/12 v1.61803398 Publication quality tables
\heavyrulewidth=\dimen167
\lightrulewidth=\dimen168
\cmidrulewidth=\dimen169
\belowrulesep=\dimen170
\belowbottomsep=\dimen171
\aboverulesep=\dimen172
\abovetopsep=\dimen173
\cmidrulesep=\dimen174
\cmidrulekern=\dimen175
\defaultaddspace=\dimen176
\@cmidla=\count288
\@cmidlb=\count289
\@aboverulesep=\dimen177
\@belowrulesep=\dimen178
\@thisruleclass=\count290
\@lastruleclass=\count291
\@thisrulewidth=\dimen179
) (/usr/share/texlive/texmf-dist/tex/latex/tools/longtable.sty
Package: longtable 2023-11-01 v4.19 Multi-page Table package (DPC)
\LTleft=\skip57
\LTright=\skip58
\LTpre=\skip59
\LTpost=\skip60
\LTchunksize=\count292
\LTcapwidth=\dimen180
\LT@head=\box60
\LT@firsthead=\box61
\LT@foot=\box62
\LT@lastfoot=\box63
\LT@gbox=\box64
\LT@cols=\count293
\LT@rows=\count294
\c@LT@tables=\count295
\c@LT@chunks=\count296
\LT@p@ftn=\toks32
) (/usr/share/texlive/texmf-dist/tex/latex/algorithms/algorithm.sty
Package: algorithm 2009/08/24 v0.1 Document Style `algorithm' - floating environment
 (/usr/share/texlive/texmf-dist/tex/latex/base/ifthen.sty
Package: ifthen 2022/04/13 v1.1d Standard LaTeX ifthen package (DPC)
)
\@float@every@algorithm=\toks33
\c@algorithm=\count297
) (/usr/share/texlive/texmf-dist/tex/latex/algorithmicx/algpseudocode.sty
Package: algpseudocode 
 (/usr/share/texlive/texmf-dist/tex/latex/algorithmicx/algorithmicx.sty
Package: algorithmicx 2005/04/27 v1.2 Algorithmicx

Document Style algorithmicx 1.2 - a greatly improved `algorithmic' style
\c@ALG@line=\count298
\c@ALG@rem=\count299
\c@ALG@nested=\count300
\ALG@tlm=\skip61
\ALG@thistlm=\skip62
\c@ALG@Lnr=\count301
\c@ALG@blocknr=\count302
\c@ALG@storecount=\count303
\c@ALG@tmpcounter=\count304
\ALG@tmplength=\skip63
)
Document Style - pseudocode environments for use with the `algorithmicx' style
) (/usr/share/texlive/texmf-dist/tex/latex/caption/subcaption.sty
Package: subcaption 2023/07/28 v1.6b Sub-captions (AR)
 (/usr/share/texlive/texmf-dist/tex/latex/caption/caption.sty
Package: caption 2023/08/05 v3.6o Customizing captions (AR)
 (/usr/share/texlive/texmf-dist/tex/latex/caption/caption3.sty
Package: caption3 2023/07/31 v2.4d caption3 kernel (AR)
\caption@tempdima=\dimen181
\captionmargin=\dimen182
\caption@leftmargin=\dimen183
\caption@rightmargin=\dimen184
\caption@width=\dimen185
\caption@indent=\dimen186
\caption@parindent=\dimen187
\caption@hangindent=\dimen188
Package caption Info: Standard document class detected.
)
\c@caption@flags=\count305
\c@continuedfloat=\count306
Package caption Info: float package is loaded.
Package caption Info: listings package is loaded.
Package caption Info: longtable package is loaded.
 (/usr/share/texlive/texmf-dist/tex/latex/caption/ltcaption.sty
Package: ltcaption 2021/01/08 v1.4c longtable captions (AR)
))
Package caption Info: New subtype `subfigure' on input line 238.
\c@subfigure=\count307
Package caption Info: New subtype `subtable' on input line 238.
\c@subtable=\count308
) (/usr/share/texlive/texmf-dist/tex/latex/url/url.sty
\Urlmuskip=\muskip17
Package: url 2013/09/16  ver 3.4  Verb mode for urls, etc.
) (/usr/share/texlive/texmf-dist/tex/latex/hyperref/hyperref.sty
Package: hyperref 2024-01-20 v7.01h Hypertext links for LaTeX
 (/usr/share/texlive/texmf-dist/tex/generic/iftex/iftex.sty
Package: iftex 2022/02/03 v1.0f TeX engine tests
) (/usr/share/texlive/texmf-dist/tex/latex/kvsetkeys/kvsetkeys.sty
Package: kvsetkeys 2022-10-05 v1.19 Key value parser (HO)
) (/usr/share/texlive/texmf-dist/tex/generic/kvdefinekeys/kvdefinekeys.sty
Package: kvdefinekeys 2019-12-19 v1.6 Define keys (HO)
) (/usr/share/texlive/texmf-dist/tex/generic/pdfescape/pdfescape.sty
Package: pdfescape 2019/12/09 v1.15 Implements pdfTeX's escape features (HO)
 (/usr/share/texlive/texmf-dist/tex/generic/ltxcmds/ltxcmds.sty
Package: ltxcmds 2023-12-04 v1.26 LaTeX kernel commands for general use (HO)
) (/usr/share/texlive/texmf-dist/tex/generic/pdftexcmds/pdftexcmds.sty
Package: pdftexcmds 2020-06-27 v0.33 Utility functions of pdfTeX for LuaTeX (HO)
 (/usr/share/texlive/texmf-dist/tex/generic/infwarerr/infwarerr.sty
Package: infwarerr 2019/12/03 v1.5 Providing info/warning/error messages (HO)
)
Package pdftexcmds Info: \pdf@primitive is available.
Package pdftexcmds Info: \pdf@ifprimitive is available.
Package pdftexcmds Info: \pdfdraftmode found.
)) (/usr/share/texlive/texmf-dist/tex/latex/hycolor/hycolor.sty
Package: hycolor 2020-01-27 v1.10 Color options for hyperref/bookmark (HO)
) (/usr/share/texlive/texmf-dist/tex/latex/auxhook/auxhook.sty
Package: auxhook 2019-12-17 v1.6 Hooks for auxiliary files (HO)
) (/usr/share/texlive/texmf-dist/tex/latex/hyperref/nameref.sty
Package: nameref 2023-11-26 v2.56 Cross-referencing by name of section
 (/usr/share/texlive/texmf-dist/tex/latex/refcount/refcount.sty
Package: refcount 2019/12/15 v3.6 Data extraction from label references (HO)
) (/usr/share/texlive/texmf-dist/tex/generic/gettitlestring/gettitlestring.sty
Package: gettitlestring 2019/12/15 v1.6 Cleanup title references (HO)
 (/usr/share/texlive/texmf-dist/tex/latex/kvoptions/kvoptions.sty
Package: kvoptions 2022-06-15 v3.15 Key value format for package options (HO)
))
\c@section@level=\count309
) (/usr/share/texlive/texmf-dist/tex/latex/etoolbox/etoolbox.sty
Package: etoolbox 2020/10/05 v2.5k e-TeX tools for LaTeX (JAW)
\etb@tempcnta=\count310
)
\@linkdim=\dimen189
\Hy@linkcounter=\count311
\Hy@pagecounter=\count312
 (/usr/share/texlive/texmf-dist/tex/latex/hyperref/pd1enc.def
File: pd1enc.def 2024-01-20 v7.01h Hyperref: PDFDocEncoding definition (HO)
Now handling font encoding PD1 ...
... no UTF-8 mapping file for font encoding PD1
) (/usr/share/texlive/texmf-dist/tex/generic/intcalc/intcalc.sty
Package: intcalc 2019/12/15 v1.3 Expandable calculations with integers (HO)
)
\Hy@SavedSpaceFactor=\count313
 (/usr/share/texlive/texmf-dist/tex/latex/hyperref/puenc.def
File: puenc.def 2024-01-20 v7.01h Hyperref: PDF Unicode definition (HO)
Now handling font encoding PU ...
... no UTF-8 mapping file for font encoding PU
)
Package hyperref Info: Hyper figures OFF on input line 4179.
Package hyperref Info: Link nesting OFF on input line 4184.
Package hyperref Info: Hyper index ON on input line 4187.
Package hyperref Info: Plain pages OFF on input line 4194.
Package hyperref Info: Backreferencing OFF on input line 4199.
Package hyperref Info: Implicit mode ON; LaTeX internals redefined.
Package hyperref Info: Bookmarks ON on input line 4446.
\c@Hy@tempcnt=\count314
LaTeX Info: Redefining \url on input line 4784.
\XeTeXLinkMargin=\dimen190
 (/usr/share/texlive/texmf-dist/tex/generic/bitset/bitset.sty
Package: bitset 2019/12/09 v1.3 Handle bit-vector datatype (HO)
 (/usr/share/texlive/texmf-dist/tex/generic/bigintcalc/bigintcalc.sty
Package: bigintcalc 2019/12/15 v1.5 Expandable calculations on big integers (HO)
))
\Fld@menulength=\count315
\Field@Width=\dimen191
\Fld@charsize=\dimen192
Package hyperref Info: Hyper figures OFF on input line 6063.
Package hyperref Info: Link nesting OFF on input line 6068.
Package hyperref Info: Hyper index ON on input line 6071.
Package hyperref Info: backreferencing OFF on input line 6078.
Package hyperref Info: Link coloring OFF on input line 6083.
Package hyperref Info: Link coloring with OCG OFF on input line 6088.
Package hyperref Info: PDF/A mode OFF on input line 6093.
 (/usr/share/texlive/texmf-dist/tex/latex/base/atbegshi-ltx.sty
Package: atbegshi-ltx 2021/01/10 v1.0c Emulation of the original atbegshi
package with kernel methods
)
\Hy@abspage=\count316
\c@Item=\count317
\c@Hfootnote=\count318
)
Package hyperref Info: Driver (autodetected): hpdftex.
 (/usr/share/texlive/texmf-dist/tex/latex/hyperref/hpdftex.def
File: hpdftex.def 2024-01-20 v7.01h Hyperref driver for pdfTeX
 (/usr/share/texlive/texmf-dist/tex/latex/base/atveryend-ltx.sty
Package: atveryend-ltx 2020/08/19 v1.0a Emulation of the original atveryend package
with kernel methods
)
\Fld@listcount=\count319
\c@bookmark@seq@number=\count320
 (/usr/share/texlive/texmf-dist/tex/latex/rerunfilecheck/rerunfilecheck.sty
Package: rerunfilecheck 2022-07-10 v1.10 Rerun checks for auxiliary files (HO)
 (/usr/share/texlive/texmf-dist/tex/generic/uniquecounter/uniquecounter.sty
Package: uniquecounter 2019/12/15 v1.4 Provide unlimited unique counter (HO)
)
Package uniquecounter Info: New unique counter `rerunfilecheck' on input line 285.
)
\Hy@SectionHShift=\skip64
) (/usr/share/texlive/texmf-dist/tex/latex/l3backend/l3backend-pdftex.def
File: l3backend-pdftex.def 2024-01-04 L3 backend support: PDF output (pdfTeX)
\l__color_backend_stack_int=\count321
\l__pdf_internal_box=\box65
) (./traballo.aux)
\openout1 = `traballo.aux'.

LaTeX Font Info:    Checking defaults for OML/cmm/m/it on input line 43.
LaTeX Font Info:    ... okay on input line 43.
LaTeX Font Info:    Checking defaults for OMS/cmsy/m/n on input line 43.
LaTeX Font Info:    ... okay on input line 43.
LaTeX Font Info:    Checking defaults for OT1/cmr/m/n on input line 43.
LaTeX Font Info:    ... okay on input line 43.
LaTeX Font Info:    Checking defaults for T1/cmr/m/n on input line 43.
LaTeX Font Info:    ... okay on input line 43.
LaTeX Font Info:    Checking defaults for TS1/cmr/m/n on input line 43.
LaTeX Font Info:    ... okay on input line 43.
LaTeX Font Info:    Checking defaults for OMX/cmex/m/n on input line 43.
LaTeX Font Info:    ... okay on input line 43.
LaTeX Font Info:    Checking defaults for U/cmr/m/n on input line 43.
LaTeX Font Info:    ... okay on input line 43.
LaTeX Font Info:    Checking defaults for PD1/pdf/m/n on input line 43.
LaTeX Font Info:    ... okay on input line 43.
LaTeX Font Info:    Checking defaults for PU/pdf/m/n on input line 43.
LaTeX Font Info:    ... okay on input line 43.
LaTeX Info: Redefining \. on input line 43.
LaTeX Info: Redefining \% on input line 43.
 (/usr/share/texlive/texmf-dist/tex/context/base/mkii/supp-pdf.mkii
[Loading MPS to PDF converter (version 2006.09.02).]
\scratchcounter=\count322
\scratchdimen=\dimen193
\scratchbox=\box66
\nofMPsegments=\count323
\nofMParguments=\count324
\everyMPshowfont=\toks34
\MPscratchCnt=\count325
\MPscratchDim=\dimen194
\MPnumerator=\count326
\makeMPintoPDFobject=\count327
\everyMPtoPDFconversion=\toks35
) (/usr/share/texlive/texmf-dist/tex/latex/epstopdf-pkg/epstopdf-base.sty
Package: epstopdf-base 2020-01-24 v2.11 Base part for package epstopdf
Package epstopdf-base Info: Redefining graphics rule for `.eps' on input line 485.
 (/usr/share/texlive/texmf-dist/tex/latex/latexconfig/epstopdf-sys.cfg
File: epstopdf-sys.cfg 2010/07/13 v1.3 Configuration of (r)epstopdf for TeX Live
))
\c@lstlisting=\count328
Package caption Info: Begin \AtBeginDocument code.
Package caption Info: hyperref package is loaded.
Package caption Info: End \AtBeginDocument code.
Package hyperref Info: Link coloring OFF on input line 43.
\@outlinefile=\write3
\openout3 = `traballo.out'.

\openout2 = `capitulos/titulo.aux'.

 (./capitulos/titulo.tex
Package epstopdf Info: Source file: <figuras/logo_usc.eps>
(epstopdf)                    date: 2026-06-01 09:29:00
(epstopdf)                    size: 91607 bytes
(epstopdf)             Output file: <figuras/logo_usc-eps-converted-to.pdf>
(epstopdf)                    date: 2026-06-01 09:29:00
(epstopdf)                    size: 22078 bytes
(epstopdf)             Command: <repstopdf --outfile=figuras/logo_usc-eps-converted-to.pdf figuras/logo_usc.eps>
(epstopdf)             \includegraphics on input line 6.
Package epstopdf Info: Output file is already uptodate.
<figuras/logo_usc-eps-converted-to.pdf, id=4, 589.20125pt x 382.42876pt>
File: figuras/logo_usc-eps-converted-to.pdf Graphic file (type pdf)
<use figuras/logo_usc-eps-converted-to.pdf>
Package pdftex.def Info: figuras/logo_usc-eps-converted-to.pdf  used on input line 6.
(pdftex.def)             Requested size: 142.26378pt x 92.33913pt.
LaTeX Font Info:    Trying to load font information for U+msa on input line 20.
 (/usr/share/texlive/texmf-dist/tex/latex/amsfonts/umsa.fd
File: umsa.fd 2013/01/14 v3.01 AMS symbols A
)
LaTeX Font Info:    Trying to load font information for U+msb on input line 20.
 (/usr/share/texlive/texmf-dist/tex/latex/amsfonts/umsb.fd
File: umsb.fd 2013/01/14 v3.01 AMS symbols B
)
LaTeX Font Info:    Trying to load font information for U+lasy on input line 20.
 (/usr/share/texlive/texmf-dist/tex/latex/base/ulasy.fd
File: ulasy.fd 1998/08/17 v2.2e LaTeX symbol font definitions
)) [1


{/var/lib/texmf/fonts/map/pdftex/updmap/pdftex.map} <./figuras/logo_usc-eps-converted-to.pdf>] [2



]
\openout2 = `capitulos/agradecementos.aux'.

 (./capitulos/agradecementos.tex) [3


] [4



]
\openout2 = `capitulos/resumo.aux'.

 (./capitulos/resumo.tex) [5


] [6



]
No file traballo.toc.
\tf@toc=\write4
\openout4 = `traballo.toc'.

[7

] [8

]
No file traballo.lof.
\tf@lof=\write5
\openout5 = `traballo.lof'.

[9] [10

]
No file traballo.lot.
\tf@lot=\write6
\openout6 = `traballo.lot'.

[11] [12

]
\openout2 = `capitulos/introducion.aux'.

 (./capitulos/introducion.tex
Cap\'{\i }tulo 1.

pdfTeX warning (ext4): destination with the same identifier (name{page.1}) has been already used, duplicate ignored
<to be read again> 
                   \relax 
l.14 
      [1


]

LaTeX Warning: Citation `Vinambres' on page 2 undefined on input line 15.

LaTeX Info: Redefining \. on input line 26.
LaTeX Info: Redefining \% on input line 26.

pdfTeX warning (ext4): destination with the same identifier (name{page.2}) has been already used, duplicate ignored
<to be read again> 
                   \relax 
l.26     \item C
                omprobar la validez te√≥rica de la estrategia de los reorden... [2])
pdfTeX warning (ext4): destination with the same identifier (name{page.3}) has been already used, duplicate ignored
<to be read again> 
                   \relax 
l.61 \include{capitulos/introducion}
                                     [3]
LaTeX Info: Redefining \. on input line 62.
LaTeX Info: Redefining \% on input line 62.

pdfTeX warning (ext4): destination with the same identifier (name{page.4}) has been already used, duplicate ignored
<to be read again> 
                   \relax 
l.62 \cleardoublepage
                      [4



]
\openout2 = `capitulos/cap2.aux'.

 (./capitulos/cap2.tex
Cap\'{\i }tulo 2.

LaTeX Warning: Citation `open3d_library' on page 5 undefined on input line 5.


LaTeX Warning: Citation `pcl_pointclouds' on page 5 undefined on input line 7.


LaTeX Warning: Citation `flann' on page 5 undefined on input line 9.


pdfTeX warning (ext4): destination with the same identifier (name{page.5}) has been already used, duplicate ignored
<to be read again> 
                   \relax 
l.11 O
      tras librer√≠as relevantes con el mismo prop√≥sito, escritas tambi√©n ... [5


]

LaTeX Warning: Citation `repo_pico_tree' on page 6 undefined on input line 11.


LaTeX Warning: Citation `doc_nanoflann' on page 6 undefined on input line 11.


LaTeX Warning: Citation `wiki_curva_llenado' on page 6 undefined on input line 13.


LaTeX Warning: Citation `unibn' on page 6 undefined on input line 19.


LaTeX Warning: Citation `Vinambres' on page 6 undefined on input line 21.

LaTeX Info: Redefining \. on input line 22.
LaTeX Info: Redefining \% on input line 22.

pdfTeX warning (ext4): destination with the same identifier (name{page.6}) has been already used, duplicate ignored
<to be read again> 
                   \relax 
l.22 
      [6]

LaTeX Warning: Citation `Vinambres' on page 7 undefined on input line 25.

)
pdfTeX warning (ext4): destination with the same identifier (name{page.7}) has been already used, duplicate ignored
<to be read again> 
                   \relax 
l.63 \include{capitulos/cap2}
                              [7]
LaTeX Info: Redefining \. on input line 64.
LaTeX Info: Redefining \% on input line 64.

pdfTeX warning (ext4): destination with the same identifier (name{page.8}) has been already used, duplicate ignored
<to be read again> 
                   \relax 
l.64 \cleardoublepage
                      [8



]
\openout2 = `capitulos/cap3.aux'.

 (./capitulos/cap3.tex
Cap\'{\i }tulo 3.

LaTeX Warning: Citation `cesga_ft3_guide' on page 9 undefined on input line 11.


LaTeX Warning: Citation `cesga_ft3_guide' on page 9 undefined on input line 11.


Overfull \hbox (13.71466pt too wide) in paragraph at lines 31--32
\OT1/cmr/m/it/10.95 Com-pi-ler Co-llec-tion \OT1/cmr/m/n/10.95 (GCC), car-gan-do expl^^S^^Pci-ta-men-te el m^^Sodu-lo \OT1/cmtt/m/n/10.95 gcc/12.3.0\OT1/cmr/m/n/10.95 . 
 []


pdfTeX warning (ext4): destination with the same identifier (name{page.9}) has been already used, duplicate ignored
<to be read again> 
                   \relax 
l.33     \begin{itemize}
                         [9


]

LaTeX Warning: Citation `openmp' on page 10 undefined on input line 38.

LaTeX Info: Redefining \. on input line 52.
LaTeX Info: Redefining \% on input line 52.

pdfTeX warning (ext4): destination with the same identifier (name{page.10}) has been already used, duplicate ignored
<to be read again> 
                   \relax 
l.52 
      [10]

LaTeX Warning: Citation `wiki_coordenadas_esfericas' on page 11 undefined on input line 70.


LaTeX Warning: Citation `sfc_paper' on page 11 undefined on input line 95.

LaTeX Info: Redefining \. on input line 96.
LaTeX Info: Redefining \% on input line 96.

pdfTeX warning (ext4): destination with the same identifier (name{page.11}) has been already used, duplicate ignored
<to be read again> 
                   \relax 
l.96 
      [11]
LaTeX Info: Redefining \. on input line 122.
LaTeX Info: Redefining \% on input line 122.

pdfTeX warning (ext4): destination with the same identifier (name{page.12}) has been already used, duplicate ignored
<to be read again> 
                   \relax 
l.122 \begin{equation}
                       [12]

LaTeX Warning: Citation `Vinambres' on page 13 undefined on input line 129.

LaTeX Info: Redefining \. on input line 146.
LaTeX Info: Redefining \% on input line 146.
[13]
Overfull \hbox (1.63838pt too wide) in paragraph at lines 163--164
\OT1/cmr/m/n/10.95 ma (no-do in-terno), se compu-ta la po-si-ci^^Son re-la-ti-va de su vo-lu-men geom^^Setri-
 []

LaTeX Info: Redefining \. on input line 171.
LaTeX Info: Redefining \% on input line 171.
[14]
LaTeX Font Info:    Font shape `OT1/cmtt/bx/n' in size <10.95> not available
(Font)              Font shape `OT1/cmtt/m/n' tried instead on input line 175.
LaTeX Font Info:    Trying to load font information for OML+cmtt on input line 181.
LaTeX Font Info:    No file OMLcmtt.fd. on input line 181.


LaTeX Font Warning: Font shape `OML/cmtt/m/n' undefined
(Font)              using `OML/cmm/m/it' instead
(Font)              for symbol `textless' on input line 181.


LaTeX Warning: Citation `clock' on page 15 undefined on input line 190.


Overfull \hbox (29.74265pt too wide) in paragraph at lines 192--193
[]\OT1/cmr/m/n/10.95 La fun-ci^^Son usa-da pa-ra mar-car los ins-tan-tes tem-po-ra-les es \OT1/cmtt/m/n/10.95 high[]resolution[]clock\OT1/cmr/m/n/10.95 .
 []

LaTeX Info: Redefining \. on input line 195.
LaTeX Info: Redefining \% on input line 195.
[15]

LaTeX Warning: Reference `tab:nubes_evaluacion' on page 16 undefined on input line 198.


Overfull \hbox (0.86142pt too wide) in paragraph at lines 223--223
[]|\OT1/cmr/m/it/10.95 bildstein[]station1[]xyz
 []


LaTeX Warning: Citation `cloud_semantic' on page 16 undefined on input line 223.


Underfull \hbox (badness 10000) in paragraph at lines 223--223
[]|\OT1/cmr/m/n/10.95 Escaneo Li-DAR
 []


Underfull \hbox (badness 5970) in paragraph at lines 223--223
\OT1/cmr/m/n/10.95 te-rres-tre y ur-bano
 []


Underfull \hbox (badness 2961) in paragraph at lines 223--223
\OT1/cmr/m/n/10.95 des-de una po-si-ci^^Son
 []


LaTeX Warning: Citation `cloud_dales' on page 16 undefined on input line 223.


LaTeX Warning: Citation `cloud_paris' on page 16 undefined on input line 223.


Underfull \hbox (badness 10000) in paragraph at lines 223--223
[]|\OT1/cmr/m/n/10.95 Sensor Li-DAR de
 []


Underfull \hbox (badness 10000) in paragraph at lines 223--223
\OT1/cmr/m/n/10.95 ti-po Mo-bi-le La-ser
 []


Underfull \hbox (badness 10000) in paragraph at lines 223--223
\OT1/cmr/m/n/10.95 Scan-ning (MLS)
 []


Underfull \hbox (badness 4927) in paragraph at lines 223--223
\OT1/cmr/m/n/10.95 ins-ta-la-do so-bre un
 []


Underfull \hbox (badness 10000) in paragraph at lines 223--223
[]|\OT1/cmr/m/it/10.95 PNOA[]2024[]PNR
 []


LaTeX Warning: Citation `cloud_pnoa' on page 16 undefined on input line 223.


Underfull \hbox (badness 10000) in paragraph at lines 223--223
[]|\OT1/cmr/m/n/10.95 PNOA-LiDAR
 []


Underfull \hbox (badness 1742) in paragraph at lines 223--223
\OT1/cmr/m/n/10.95 sen-ta una den-si-dad
 []


LaTeX Warning: Citation `cloud_hess' on page 16 undefined on input line 223.

)
LaTeX Info: Redefining \. on input line 65.
LaTeX Info: Redefining \% on input line 65.
 [16]
LaTeX Info: Redefining \. on input line 65.
LaTeX Info: Redefining \% on input line 65.
 [17]
LaTeX Info: Redefining \. on input line 66.
LaTeX Info: Redefining \% on input line 66.
 [18



]
\openout2 = `capitulos/cap4.aux'.

 (./capitulos/cap4.tex
Cap\'{\i }tulo 4.
[19


]

LaTeX Warning: Reference `fig:cart_preview' on page 20 undefined on input line 10.

<figuras/metodologia/poda_octree_cartesiana_x.png, id=178, 978.5358pt x 453.8556pt>
File: figuras/metodologia/poda_octree_cartesiana_x.png Graphic file (type png)
<use figuras/metodologia/poda_octree_cartesiana_x.png>
Package pdftex.def Info: figuras/metodologia/poda_octree_cartesiana_x.png  used on input line 13.
(pdftex.def)             Requested size: 375.80377pt x 174.30211pt.
LaTeX Info: Redefining \. on input line 27.
LaTeX Info: Redefining \% on input line 27.
[20 <./figuras/metodologia/poda_octree_cartesiana_x.png>]
LaTeX Info: Redefining \. on input line 47.
LaTeX Info: Redefining \% on input line 47.
 [21]

LaTeX Warning: Reference `fig:polar_preview' on page 22 undefined on input line 63.

<figuras/metodologia/poda_octree_polar.png, id=190, 978.5358pt x 453.8556pt>
File: figuras/metodologia/poda_octree_polar.png Graphic file (type png)
<use figuras/metodologia/poda_octree_polar.png>
Package pdftex.def Info: figuras/metodologia/poda_octree_polar.png  used on input line 67.
(pdftex.def)             Requested size: 375.80377pt x 174.30211pt.

Underfull \vbox (badness 2503) has occurred while \output is active []

LaTeX Info: Redefining \. on input line 71.
LaTeX Info: Redefining \% on input line 71.
 [22]

LaTeX Warning: Citation `cppref_sort' on page 23 undefined on input line 75.

LaTeX Info: Redefining \. on input line 78.
LaTeX Info: Redefining \% on input line 78.

Overfull \hbox (256.17441pt too wide) has occurred while \output is active
\OT1/cmr/m/sl/10.95 4.2.  PRIMERA FASE DE IMPLEMENTACI[]ON: SELECTORES DE RANGO POLARES Y VECTORES DE PERMUTACIONES \OT1/cmr/m/n/10.95 23
 []

[23 <./figuras/metodologia/poda_octree_polar.png>]

LaTeX Warning: Reference `tab:rangos1' on page 24 undefined on input line 93.


LaTeX Warning: Reference `fig:claves1' on page 24 undefined on input line 93.


LaTeX Warning: Reference `fig:claves2' on page 24 undefined on input line 93.

LaTeX Info: Redefining \. on input line 94.
LaTeX Info: Redefining \% on input line 94.
[24]
Overfull \hbox (60.89769pt too wide) in paragraph at lines 98--116
 [][] 
 []

<figuras/metodologia/clavesSphe.png, id=212, 695.9601pt x 372.9132pt>
File: figuras/metodologia/clavesSphe.png Graphic file (type png)
<use figuras/metodologia/clavesSphe.png>
Package pdftex.def Info: figuras/metodologia/clavesSphe.png  used on input line 121.
(pdftex.def)             Requested size: 319.43549pt x 171.1666pt.
<figuras/metodologia/clavesCyl.png, id=213, 691.6239pt x 372.9132pt>
File: figuras/metodologia/clavesCyl.png Graphic file (type png)
<use figuras/metodologia/clavesCyl.png>
Package pdftex.def Info: figuras/metodologia/clavesCyl.png  used on input line 127.
(pdftex.def)             Requested size: 319.43549pt x 172.23634pt.

Underfull \vbox (badness 10000) has occurred while \output is active []

LaTeX Info: Redefining \. on input line 131.
LaTeX Info: Redefining \% on input line 131.

Overfull \hbox (3.79433pt too wide) has occurred while \output is active
\OT1/cmr/m/sl/10.95 4.3.  AN[]ALISIS DE CUELLOS DE BOTELLA Y REDISE[]NO DEL SISTEMA \OT1/cmr/m/n/10.95 25
 []

[25 <./figuras/metodologia/clavesSphe.png>]

LaTeX Warning: Reference `fig:claves1' on page 26 undefined on input line 132.


LaTeX Warning: Reference `fig:claves2' on page 26 undefined on input line 132.

LaTeX Info: Redefining \. on input line 140.
LaTeX Info: Redefining \% on input line 140.
[26 <./figuras/metodologia/clavesCyl.png>]

LaTeX Warning: Reference `alg:busqueda_base' on page 27 undefined on input line 146.


LaTeX Warning: Reference `alg:busqueda_reordenada' on page 27 undefined on input line 146.

LaTeX Info: Redefining \. on input line 147.
LaTeX Info: Redefining \% on input line 147.

Overfull \hbox (219.44388pt too wide) has occurred while \output is active
\OT1/cmr/m/sl/10.95 4.5.  CONSTRUCCI[]ON DE R[]EPLICAS CONTIGUAS E INTEGRACI[]ON EN EL FLUJO DE B[]USQUEDA DEL OCTREE \OT1/cmr/m/n/10.95 27
 []

[27]
Underfull \hbox (badness 10000) in paragraph at lines 152--153
[]
 []


Underfull \hbox (badness 10000) in paragraph at lines 167--168
[]
 []


Overfull \hbox (14.93pt too wide) in paragraph at lines 167--168
[]\OML/cmtt/m/n/10.95 ; []; []; []; k$ 
 []


Underfull \hbox (badness 10000) in paragraph at lines 171--172
[] \OT1/cmr/bx/n/10.95 if $\OML/cmtt/m/n/10.95 k:[]\OT1/cmr/m/n/10.95 ([][[][\OML/cmtt/m/n/10.95 i\OT1/cmr/m/n/10.95 ]])$
 []


Overfull \hbox (9.54787pt too wide) in paragraph at lines 172--173
[] $[]\OML/cmtt/m/n/10.95 :[]\OT1/cmr/m/n/10.95 ([][\OML/cmtt/m/n/10.95 i\OT1/cmr/m/n/10.95 ])$ 
 []


LaTeX Warning: Reference `alg:busqueda_base' on page 28 undefined on input line 181.

LaTeX Info: Redefining \. on input line 186.
LaTeX Info: Redefining \% on input line 186.
[28]

LaTeX Warning: Reference `alg:struct' on page 29 undefined on input line 189.

)
LaTeX Info: Redefining \. on input line 67.
LaTeX Info: Redefining \% on input line 67.

Overfull \hbox (219.44388pt too wide) has occurred while \output is active
\OT1/cmr/m/sl/10.95 4.5.  CONSTRUCCI[]ON DE R[]EPLICAS CONTIGUAS E INTEGRACI[]ON EN EL FLUJO DE B[]USQUEDA DEL OCTREE \OT1/cmr/m/n/10.95 29
 []

[29]
LaTeX Info: Redefining \. on input line 68.
LaTeX Info: Redefining \% on input line 68.
 [30



]
\openout2 = `capitulos/cap5.aux'.

 (./capitulos/cap5.tex
Cap\'{\i }tulo 5.

LaTeX Warning: Reference `fig:metricas_poda_lille' on page 31 undefined on input line 7.

[31


]
<figuras/metodologia/metricas_poda_lille_polar.png, id=256, 860.013pt x 498.663pt>
File: figuras/metodologia/metricas_poda_lille_polar.png Graphic file (type png)
<use figuras/metodologia/metricas_poda_lille_polar.png>
Package pdftex.def Info: figuras/metodologia/metricas_poda_lille_polar.png  used on input line 15.
(pdftex.def)             Requested size: 372.04779pt x 215.72203pt.
<figuras/metodologia/metricas_poda_lille_cartesian.png, id=257, 860.013pt x 498.663pt>
File: figuras/metodologia/metricas_poda_lille_cartesian.png Graphic file (type png)
<use figuras/metodologia/metricas_poda_lille_cartesian.png>
Package pdftex.def Info: figuras/metodologia/metricas_poda_lille_cartesian.png  used on input line 24.
(pdftex.def)             Requested size: 372.04779pt x 215.72203pt.


LaTeX Warning: Citation `Vinambres' on page 32 undefined on input line 36.


LaTeX Warning: Reference `fig:subset_barras_dales' on page 32 undefined on input line 45.


LaTeX Warning: Reference `fig:subset_barras_bild' on page 32 undefined on input line 45.

LaTeX Info: Redefining \. on input line 46.
LaTeX Info: Redefining \% on input line 46.
[32]
LaTeX Info: Redefining \. on input line 46.
LaTeX Info: Redefining \% on input line 46.

Overfull \hbox (126.98192pt too wide) has occurred while \output is active
\OT1/cmr/m/sl/10.95 5.2.  RENDIMIENTO DE B[]USQUEDAS DE VECINOS PARALELAS CON CENTROS ALEATORIOS \OT1/cmr/m/n/10.95 33
 []

[33 <./figuras/metodologia/metricas_poda_lille_polar.png> <./figuras/metodologia/metricas_poda_lille_cartesian.png>]
<figuras/subset/dales_r2.png, id=270, 1013.9481pt x 367.1316pt>
File: figuras/subset/dales_r2.png Graphic file (type png)
<use figuras/subset/dales_r2.png>
Package pdftex.def Info: figuras/subset/dales_r2.png  used on input line 51.
(pdftex.def)             Requested size: 349.87065pt x 126.67734pt.
<figuras/subset/dales_r6.png, id=271, 1013.9481pt x 367.1316pt>
File: figuras/subset/dales_r6.png Graphic file (type png)
<use figuras/subset/dales_r6.png>
Package pdftex.def Info: figuras/subset/dales_r6.png  used on input line 59.
(pdftex.def)             Requested size: 349.87065pt x 126.67734pt.
<figuras/subset/bild_r0025.png, id=272, 1013.9481pt x 367.1316pt>
File: figuras/subset/bild_r0025.png Graphic file (type png)
<use figuras/subset/bild_r0025.png>
Package pdftex.def Info: figuras/subset/bild_r0025.png  used on input line 72.
(pdftex.def)             Requested size: 349.87065pt x 126.67734pt.
<figuras/subset/bild_r01.png, id=273, 1004.553pt x 367.1316pt>
File: figuras/subset/bild_r01.png Graphic file (type png)
<use figuras/subset/bild_r01.png>
Package pdftex.def Info: figuras/subset/bild_r01.png  used on input line 79.
(pdftex.def)             Requested size: 349.87065pt x 127.86496pt.


LaTeX Warning: Reference `fig:subset_barras_dales' on page 34 undefined on input line 87.


LaTeX Warning: Reference `fig:subset_barras_bild' on page 34 undefined on input line 87.

LaTeX Info: Redefining \. on input line 94.
LaTeX Info: Redefining \% on input line 94.
[34 <./figuras/subset/dales_r2.png> <./figuras/subset/dales_r6.png>]
LaTeX Info: Redefining \. on input line 94.
LaTeX Info: Redefining \% on input line 94.

Overfull \hbox (126.98192pt too wide) has occurred while \output is active
\OT1/cmr/m/sl/10.95 5.2.  RENDIMIENTO DE B[]USQUEDAS DE VECINOS PARALELAS CON CENTROS ALEATORIOS \OT1/cmr/m/n/10.95 35
 []

[35 <./figuras/subset/bild_r0025.png> <./figuras/subset/bild_r01.png>]
<figuras/subset/heatmap_18train.png, id=288, 531.9072pt x 396.7623pt>
File: figuras/subset/heatmap_18train.png Graphic file (type png)
<use figuras/subset/heatmap_18train.png>
Package pdftex.def Info: figuras/subset/heatmap_18train.png  used on input line 106.
(pdftex.def)             Requested size: 180.3842pt x 134.5523pt.
<figuras/subset/heatmap_18test.png, id=289, 531.9072pt x 396.7623pt>
File: figuras/subset/heatmap_18test.png Graphic file (type png)
<use figuras/subset/heatmap_18test.png>
Package pdftex.def Info: figuras/subset/heatmap_18test.png  used on input line 112.
(pdftex.def)             Requested size: 180.3842pt x 134.5523pt.


LaTeX Warning: Reference `fig:heatmapsHiperpar√°metros' on page 36 undefined on input line 119.


LaTeX Warning: Reference `fig:subset_lines_train' on page 36 undefined on input line 123.


LaTeX Warning: Reference `fig:subset_lines_test' on page 36 undefined on input line 123.


LaTeX Warning: Reference `fig:subset_barras_dales' on page 36 undefined on input line 125.


LaTeX Warning: Reference `fig:subset_barras_bild' on page 36 undefined on input line 125.

LaTeX Info: Redefining \. on input line 127.
LaTeX Info: Redefining \% on input line 127.
[36 <./figuras/subset/heatmap_18train.png> <./figuras/subset/heatmap_18test.png>]
<figuras/subset/lines_18train.png, id=298, 956.8548pt x 392.4261pt>
File: figuras/subset/lines_18train.png Graphic file (type png)
<use figuras/subset/lines_18train.png>
Package pdftex.def Info: figuras/subset/lines_18train.png  used on input line 130.
(pdftex.def)             Requested size: 357.01244pt x 146.41692pt.
<figuras/subset/lines_18test.png, id=299, 956.8548pt x 392.4261pt>
File: figuras/subset/lines_18test.png Graphic file (type png)
<use figuras/subset/lines_18test.png>
Package pdftex.def Info: figuras/subset/lines_18test.png  used on input line 137.
(pdftex.def)             Requested size: 357.01244pt x 146.41692pt.
LaTeX Info: Redefining \. on input line 144.
LaTeX Info: Redefining \% on input line 144.

Overfull \hbox (95.34737pt too wide) has occurred while \output is active
\OT1/cmr/m/sl/10.95 5.3.  RENDIMIENTO DE B[]USQUEDAS DE VECINOS PARALELAS SOBRE TODA LA NUBE \OT1/cmr/m/n/10.95 37
 []

[37 <./figuras/subset/lines_18train.png> <./figuras/subset/lines_18test.png>]

LaTeX Warning: Reference `fig:full_searches' on page 38 undefined on input line 152.

<figuras/full/5085.png, id=311, 976.3677pt x 396.0396pt>
File: figuras/full/5085.png Graphic file (type png)
<use figuras/full/5085.png>
Package pdftex.def Info: figuras/full/5085.png  used on input line 158.
(pdftex.def)             Requested size: 372.04779pt x 150.91357pt.
<figuras/full/pnoa.png, id=312, 976.3677pt x 396.0396pt>
File: figuras/full/pnoa.png Graphic file (type png)
<use figuras/full/pnoa.png>
Package pdftex.def Info: figuras/full/pnoa.png  used on input line 167.
(pdftex.def)             Requested size: 372.04779pt x 150.91357pt.
<figuras/full/mar18train.png, id=313, 951.7959pt x 396.0396pt>
File: figuras/full/mar18train.png Graphic file (type png)
<use figuras/full/mar18train.png>
Package pdftex.def Info: figuras/full/mar18train.png  used on input line 174.
(pdftex.def)             Requested size: 368.28609pt x 153.24016pt.
<figuras/full/paris.png, id=314, 951.7959pt x 396.0396pt>
File: figuras/full/paris.png Graphic file (type png)
<use figuras/full/paris.png>
Package pdftex.def Info: figuras/full/paris.png  used on input line 189.
(pdftex.def)             Requested size: 368.28609pt x 153.24016pt.
<figuras/full/bild.png, id=315, 951.7959pt x 392.4261pt>
File: figuras/full/bild.png Graphic file (type png)
<use figuras/full/bild.png>
Package pdftex.def Info: figuras/full/bild.png  used on input line 197.
(pdftex.def)             Requested size: 368.28609pt x 151.84198pt.
LaTeX Info: Redefining \. on input line 219.
LaTeX Info: Redefining \% on input line 219.
[38]
LaTeX Info: Redefining \. on input line 219.
LaTeX Info: Redefining \% on input line 219.

Overfull \hbox (13.83421pt too wide) has occurred while \output is active
\OT1/cmr/m/sl/10.95 5.4.  EFICIENCIA DEL PARALELISMO SOBRE B[]USQUEDAS DE VECINOS \OT1/cmr/m/n/10.95 39
 []

[39 <./figuras/full/5085.png> <./figuras/full/pnoa.png> <./figuras/full/mar18train.png>]
LaTeX Info: Redefining \. on input line 219.
LaTeX Info: Redefining \% on input line 219.
 [40 <./figuras/full/paris.png> <./figuras/full/bild.png>]

LaTeX Warning: Citation `man_numactl' on page 41 undefined on input line 222.


LaTeX Warning: Reference `fig:parallel_subset' on page 41 undefined on input line 233.

<figuras/parallel/subset_paris_none.png, id=336, 471.9231pt x 229.8186pt>
File: figuras/parallel/subset_paris_none.png Graphic file (type png)
<use figuras/parallel/subset_paris_none.png>
Package pdftex.def Info: figuras/parallel/subset_paris_none.png  used on input line 239.
(pdftex.def)             Requested size: 300.64415pt x 146.4101pt.
<figuras/parallel/subset_paris_polar.png, id=337, 471.9231pt x 229.8186pt>
File: figuras/parallel/subset_paris_polar.png Graphic file (type png)
<use figuras/parallel/subset_paris_polar.png>
Package pdftex.def Info: figuras/parallel/subset_paris_polar.png  used on input line 248.
(pdftex.def)             Requested size: 300.64415pt x 146.4101pt.
<figuras/parallel/subset_paris_cartesian.png, id=338, 471.9231pt x 229.8186pt>
File: figuras/parallel/subset_paris_cartesian.png Graphic file (type png)
<use figuras/parallel/subset_paris_cartesian.png>
Package pdftex.def Info: figuras/parallel/subset_paris_cartesian.png  used on input line 255.
(pdftex.def)             Requested size: 300.64415pt x 146.4101pt.

LaTeX Warning: Reference `fig:parallel_full' on page 41 undefined on input line 265.

LaTeX Info: Redefining \. on input line 266.
LaTeX Info: Redefining \% on input line 266.

Overfull \hbox (13.83421pt too wide) has occurred while \output is active
\OT1/cmr/m/sl/10.95 5.4.  EFICIENCIA DEL PARALELISMO SOBRE B[]USQUEDAS DE VECINOS \OT1/cmr/m/n/10.95 41
 []

[41]
LaTeX Info: Redefining \. on input line 266.
LaTeX Info: Redefining \% on input line 266.
 [42 <./figuras/parallel/subset_paris_none.png> <./figuras/parallel/subset_paris_polar.png> <./figuras/parallel/subset_paris_cartesian.png>]
<figuras/parallel/full_lille_none.png, id=352, 471.9231pt x 229.8186pt>
File: figuras/parallel/full_lille_none.png Graphic file (type png)
<use figuras/parallel/full_lille_none.png>
Package pdftex.def Info: figuras/parallel/full_lille_none.png  used on input line 272.
(pdftex.def)             Requested size: 300.64415pt x 146.4101pt.
<figuras/parallel/full_lille_polar.png, id=353, 471.9231pt x 229.8186pt>
File: figuras/parallel/full_lille_polar.png Graphic file (type png)
<use figuras/parallel/full_lille_polar.png>
Package pdftex.def Info: figuras/parallel/full_lille_polar.png  used on input line 281.
(pdftex.def)             Requested size: 300.64415pt x 146.4101pt.
<figuras/parallel/full_lille_cartesian.png, id=354, 471.9231pt x 229.8186pt>
File: figuras/parallel/full_lille_cartesian.png Graphic file (type png)
<use figuras/parallel/full_lille_cartesian.png>
Package pdftex.def Info: figuras/parallel/full_lille_cartesian.png  used on input line 288.
(pdftex.def)             Requested size: 300.64415pt x 146.4101pt.
)
LaTeX Info: Redefining \. on input line 69.
LaTeX Info: Redefining \% on input line 69.

Overfull \hbox (13.83421pt too wide) has occurred while \output is active
\OT1/cmr/m/sl/10.95 5.4.  EFICIENCIA DEL PARALELISMO SOBRE B[]USQUEDAS DE VECINOS \OT1/cmr/m/n/10.95 43
 []

[43]
LaTeX Info: Redefining \. on input line 69.
LaTeX Info: Redefining \% on input line 69.
 [44 <./figuras/parallel/full_lille_none.png> <./figuras/parallel/full_lille_polar.png> <./figuras/parallel/full_lille_cartesian.png>]
\openout2 = `capitulos/cap6.aux'.

 (./capitulos/cap6.tex
Cap\'{\i }tulo 6.
LaTeX Font Info:    Font shape `OT1/cmtt/bx/n' in size <14.4> not available
(Font)              Font shape `OT1/cmtt/m/n' tried instead on input line 4.

Overfull \hbox (5.194pt too wide) in paragraph at lines 13--14
\OT1/cmr/m/n/10.95 con-ti-guos me-dian-te la guar-da con-di-cio-nal \OT1/cmtt/m/n/10.95 if (!k.isInside(points[i]))\OT1/cmr/m/n/10.95 .
 []

[45





]

LaTeX Warning: Reference `fig:subset_lines_train' on page 46 undefined on input line 22.


LaTeX Warning: Reference `fig:subset_lines_test' on page 46 undefined on input line 22.

LaTeX Info: Redefining \. on input line 23.
LaTeX Info: Redefining \% on input line 23.
[46]
LaTeX Info: Redefining \. on input line 38.
LaTeX Info: Redefining \% on input line 38.
 [47])
LaTeX Info: Redefining \. on input line 71.
LaTeX Info: Redefining \% on input line 71.
 [48]
\openout2 = `capitulos/conclusions.aux'.

 (./capitulos/conclusions.tex
Cap\'{\i }tulo 7.
[49





]

LaTeX Warning: Citation `Vinambres' on page 50 undefined on input line 18.

)
LaTeX Info: Redefining \. on input line 73.
LaTeX Info: Redefining \% on input line 73.
 [50]
\openout2 = `capitulos/apendicea.aux'.

 (./capitulos/apendicea.tex
Ap\'{e}ndice A.
) [51





]
LaTeX Info: Redefining \. on input line 79.
LaTeX Info: Redefining \% on input line 79.
 [52



]
\openout2 = `capitulos/apendiceb.aux'.

 (./capitulos/apendiceb.tex
Ap\'{e}ndice B.

LaTeX Warning: Citation `Vinambres' on page 53 undefined on input line 6.


Overfull \hbox (65.62833pt too wide) in paragraph at lines 5--9
[]\OT1/cmr/m/n/10.95 Este ma-nual do-cu-men-ta el uso del pro-gra-ma \OT1/cmtt/m/n/10.95 octrees-benchmark-coordenadas-polares\OT1/cmr/m/n/10.95 ,
 []


Overfull \hbox (9.3583pt too wide) in paragraph at lines 23--23
[]\OT1/cmtt/m/n/10.95 sudo apt-get install libjpeg62 libpng-dev libtiff-dev libjpeg-dev \[] 
 []


Overfull \hbox (20.85568pt too wide) in paragraph at lines 33--33
[]\OT1/cmtt/m/n/10.95 git clone --depth 1 https://github.com/LAStools/LAStools lib/LAStools[] 
 []


Overfull \hbox (39.96318pt too wide) in paragraph at lines 37--42
\OT1/cmr/m/n/10.95 de mo-di-fi-car-se, jun-to con la ver-si^^Son bus-ca-da, edi-tan-do el fi-che-ro \OT1/cmtt/m/n/10.95 CMakeLibraries.cmake\OT1/cmr/m/n/10.95 . 
 []


Overfull \hbox (49.59912pt too wide) in paragraph at lines 51--51
[]\OT1/cmtt/m/n/10.95 cmake .. -DCMAKE_INSTALL_PREFIX=$HOME/local/pcl -DCMAKE_BUILD_TYPE=Release[] 
 []

[53


]
Overfull \hbox (3.60962pt too wide) in paragraph at lines 66--66
[]\OT1/cmtt/m/n/10.95 tar xvf lib/papi-7.2.0.tar.gz -C lib && rm lib/papi-7.2.0.tar.gz \[] 
 []


Overfull \hbox (55.34781pt too wide) in paragraph at lines 99--99
[]\OT1/cmtt/m/n/10.95 make                # compila la biblioteca y todos los ejecutables de test[] 
 []

LaTeX Info: Redefining \. on input line 109.
LaTeX Info: Redefining \% on input line 109.
[54]
Overfull \hbox (3.85715pt too wide) in paragraph at lines 129--135
\OT1/cmtt/m/n/10.95 build/octrees-benchmark\OT1/cmr/m/n/10.95 , con-fi-gu-ran-do su com-por-ta-mien-to me-dian-te par^^Same-
 []


Overfull \hbox (84.09125pt too wide) in paragraph at lines 139--139
[]\OT1/cmtt/m/n/10.95 ./build/octrees-benchmark --kernels "sphere" -i "data/paris_lille/Lille_0.las" \[] 
 []


Overfull \hbox (940.64572pt too wide) in paragraph at lines 139--139
[]    \OT1/cmtt/m/n/10.95 -o "out_tfg_reorders_v3/full" -e "hilb" --kernels "cube,sphere" -r "2.0,5.0,8.0" -s "all" --sequential --repeats 1 -a "neighborsPrune,neighborsStruct" --local-reorder "none,polar,cartesian" --max-leaf "256" --umbral-poda "64"[] 
 []


Overfull \hbox (2.82039pt too wide) in paragraph at lines 141--144
[]\OT1/cmr/m/n/10.95 Para re-pro-du-cir el con-jun-to com-ple-to de ex-pe-ri-men-tos des-cri-tos en los cap^^S^^Ptu-
 []


Overfull \hbox (0.58315pt too wide) in paragraph at lines 149--150
[]\OT1/cmtt/m/n/10.95 bench[]neighbors[]debug[]range[]selector.bash\OT1/cmr/m/n/10.95 : b^^Susque-das re-du-ci-das (60
 []

LaTeX Info: Redefining \. on input line 150.
LaTeX Info: Redefining \% on input line 150.
[55]
Overfull \hbox (2.09459pt too wide) in paragraph at lines 168--169
[]\OT1/cmr/m/n/10.95 En la ru-ta \OT1/cmtt/m/n/10.95 test[]funcionalidad[]podas/test[]vecindades.ipynb \OT1/cmr/m/n/10.95 est^^Sa el test
 []


Overfull \hbox (71.6289pt too wide) in paragraph at lines 168--169
\OT1/cmr/m/n/10.95 cos a los re-sul-ta-dos sin ha-cer uso de la op-ti-mi-za-ci^^Son (fun-ci^^Son \OT1/cmtt/m/n/10.95 verificar[]integridad[]vecinos\OT1/cmr/m/n/10.95 ).
 []


Overfull \hbox (49.99933pt too wide) in alignment at lines 183--188
 [] [] [] 
 []


Overfull \hbox (49.99933pt too wide) in alignment at lines 188--192
 [] [] [] 
 []


Overfull \hbox (49.99933pt too wide) in alignment at lines 192--194
 [] [] [] 
 []


Underfull \hbox (badness 5008) in paragraph at lines 229--263
[]|\OT1/cmr/m/n/10.95 Especifica los al-go-rit-mos de b^^Susque-da a eje-
 []


Overfull \hbox (57.33778pt too wide) in paragraph at lines 229--263
\OT1/cmtt/m/n/10.95 neighborsPtr,neighbors,neighborsPrune,neighborsStruct\OT1/cmr/m/n/10.95 .
 []


Underfull \hbox (badness 6625) in paragraph at lines 229--263
| \TS1/cmr/m/n/10.95 à \OT1/cmtt/m/n/10.95 neighborsStruct \OT1/cmr/m/n/10.95 -- b^^Susque-da op-ti-mi-za-da
 []


Underfull \hbox (badness 4765) in paragraph at lines 229--263
| \TS1/cmr/m/n/10.95 à \OT1/cmtt/m/n/10.95 neighborsApprox \OT1/cmr/m/n/10.95 -- b^^Susque-da apro-xi-ma-da
 []


Underfull \hbox (badness 2707) in paragraph at lines 229--263
| \TS1/cmr/m/n/10.95 à \OT1/cmtt/m/n/10.95 neighborsPCLOct \OT1/cmr/m/n/10.95 -- b^^Susque-da me-dian-te el
 []


Underfull \hbox (badness 1668) in paragraph at lines 229--263
| \TS1/cmr/m/n/10.95 à \OT1/cmtt/m/n/10.95 KNNNanoflann \OT1/cmr/m/n/10.95 -- b^^Susque-das KNN me-dian-te
 []


Overfull \hbox (3.83351pt too wide) in paragraph at lines 314--314
[]|\OT1/cmtt/m/n/10.95 --cache-profiling| 
 []


Underfull \hbox (badness 3884) in paragraph at lines 332--336
\OT1/cmr/m/n/10.95 de es-ca-la-bi-li-dad (se-pa-ra-dos por co-mas, p. ej.
 []


Underfull \hbox (badness 10000) in paragraph at lines 346--346
[]|\OT1/cmtt/m/n/10.95 --pcl-oct-
 []


Overfull \hbox (49.99933pt too wide) in alignment at lines 194--349
 [] [] [] 
 []

LaTeX Info: Redefining \. on input line 349.
LaTeX Info: Redefining \% on input line 349.
[56]
LaTeX Info: Redefining \. on input line 349.
LaTeX Info: Redefining \% on input line 349.
 [57]
LaTeX Info: Redefining \. on input line 349.
LaTeX Info: Redefining \% on input line 349.
 [58]
LaTeX Info: Redefining \. on input line 349.
LaTeX Info: Redefining \% on input line 349.
 [59])
Runaway argument?
{Uso de \end {itemize} 
/home/manu/proyecto_tfg/octrees-coordenadas-polares-v2/GrEI_TFG_Modelo_A_Memoria/traballo.tex:80: File ended while scanning use of \textbf .
<inserted text> 
                \par 
l.80 \include{capitulos/apendiceb}
                                  
I suspect you have forgotten a `}', causing me
to read past where you wanted me to stop.
I'll try to recover; but if the error is serious,
you'd better type `E' or `X' now and fix your file.

LaTeX Info: Redefining \. on input line 80.
LaTeX Info: Redefining \% on input line 80.
[60]
\openout2 = `capitulos/bibliografia.aux'.

 (./capitulos/bibliografia.tex (./traballo.bbl))

/home/manu/proyecto_tfg/octrees-coordenadas-polares-v2/GrEI_TFG_Modelo_A_Memoria/traballo.tex:86: LaTeX Error: \begin{itemize} on input line 356 ended by \end{document}.

See the LaTeX manual or LaTeX Companion for explanation.
Type  H <return>  for immediate help.
 ...                                              
                                                  
l.86 \end{document}
                   
Your command was ignored.
Type  I <command> <return>  to replace it with another command,
or  <return>  to continue without it.

(./traballo.aux (./capitulos/titulo.aux)
LaTeX Info: Redefining \. on input line 12.
LaTeX Info: Redefining \% on input line 12.
 (./capitulos/agradecementos.aux) (./capitulos/resumo.aux) (./capitulos/introducion.aux) (./capitulos/cap2.aux) (./capitulos/cap3.aux) (./capitulos/cap4.aux) (./capitulos/cap5.aux) (./capitulos/cap6.aux) (./capitulos/conclusions.aux) (./capitulos/apendicea.aux) (./capitulos/apendiceb.aux) (./capitulos/bibliografia.aux))
 ***********
LaTeX2e <2023-11-01> patch level 1
L3 programming layer <2024-01-22>
 ***********


LaTeX Font Warning: Some font shapes were not available, defaults substituted.


LaTeX Warning: There were undefined references.


LaTeX Warning: Label(s) may have changed. Rerun to get cross-references right.


Package rerunfilecheck Warning: File `traballo.out' has changed.
(rerunfilecheck)                Rerun to get outlines right
(rerunfilecheck)                or use package `bookmark'.

Package rerunfilecheck Info: Checksums for `traballo.out':
(rerunfilecheck)             Before: <no file>
(rerunfilecheck)             After:  AD8AE7DE7F975A8ECECC5C377B7913D7;10728.
 )
(\end occurred inside a group at level 1)

### semi simple group (level 1) entered at line 356 (\begingroup)
### bottom level 
Here is how much of TeX's memory you used:
 15810 strings out of 476047
 257814 string characters out of 5792076
 1957975 words of memory out of 5000000
 37397 multiletter control sequences out of 15000+600000
 569763 words of font info for 79 fonts, out of 8000000 for 9000
 86 hyphenation exceptions out of 8191
 75i,12n,79p,2341b,603s stack positions out of 10000i,1000n,20000p,200000b,200000s
 </home/manu/.texlive2023/texmf-var/fonts/pk/ljfour/jknappen/ec/tcrm1095.600pk></usr/share/texlive/texmf-dist/fonts/type1/public/amsfonts/cm/cmbx10.pfb></usr/share/texlive/texmf-dist/fonts/type1/public/amsfonts/cm/cmbx12.pfb></usr/share/texlive/texmf-dist/fonts/type1/public/amsfonts/cm/cmex10.pfb></usr/share/texlive/texmf-dist/fonts/type1/public/amsfonts/cm/cmmi10.pfb></usr/share/texlive/texmf-dist/fonts/type1/public/amsfonts/cm/cmmi8.pfb></usr/share/texlive/texmf-dist/fonts/type1/public/amsfonts/cm/cmr10.pfb></usr/share/texlive/texmf-dist/fonts/type1/public/amsfonts/cm/cmr8.pfb></usr/share/texlive/texmf-dist/fonts/type1/public/amsfonts/cm/cmr9.pfb></usr/share/texlive/texmf-dist/fonts/type1/public/amsfonts/cm/cmsl10.pfb></usr/share/texlive/texmf-dist/fonts/type1/public/amsfonts/cm/cmsy10.pfb></usr/share/texlive/texmf-dist/fonts/type1/public/amsfonts/cm/cmsy8.pfb></usr/share/texlive/texmf-dist/fonts/type1/public/amsfonts/cm/cmti10.pfb></usr/share/texlive/texmf-dist/fonts/type1/public/amsfonts/cm/cmti12.pfb></usr/share/texlive/texmf-dist/fonts/type1/public/amsfonts/cm/cmtt10.pfb></usr/share/texlive/texmf-dist/fonts/type1/public/amsfonts/cm/cmtt12.pfb></usr/share/texlive/texmf-dist/fonts/type1/public/amsfonts/symbols/msbm10.pfb>
Output written on traballo.pdf (72 pages, 2012445 bytes).
PDF statistics:
 571 PDF objects out of 1000 (max. 8388607)
 407 compressed objects within 5 object streams
 156 named destinations out of 1000 (max. 500000)
 131 words of extra memory for PDF output out of 10000 (max. 10000000)

